// Jest Snapshot v1, https://goo.gl/fbAQLP

exports[`matchesSnapshot 1`] = `
<DocumentFragment>
  <form
    class="col-xl border m-3 p-4 rounded shadow "
    id="new-shift"
  >
    <div
      class="row align-items-center justify-content-around"
    >
      <h1
        class="col-lg-3 col-xl-12 display-4 text-center"
      >
        New Shift!
      </h1>
      <div
        class="col-12 col-lg-2 col-xl-5 m-2 mb-3"
      >
        <label
          class="form-label"
          for="type"
        >
          Work-Type
        </label>
        <div
          class="input-group"
        >
          <input
            class="form-control"
            id="type"
            name="type"
            placeholder="Coding"
            type="text"
            value=""
          />
        </div>
      </div>
      <div
        class=" col-lg-3 col-xl-5 m-2 mb-3"
      >
        <label
          class="form-label"
          for="category"
        >
          Category
        </label>
        <div
          class="input-group"
        >
          <div
            class="input-group-prepend"
          >
            <span
              class="input-group-text"
            >
              For 
            </span>
          </div>
          <input
            class="form-control"
            id="category"
            name="category"
            placeholder="Fun"
            type="text"
            value=""
          />
        </div>
      </div>
      <div
        class="col m-2 mb-3"
        id="clockin-buttons"
      >
        <button
          class="btn btn-secondary col-12 p-3 px-md-5 "
          type="submit"
        >
          Clock In
        </button>
      </div>
    </div>
  </form>
</DocumentFragment>
`;
